
> nurussunnah-hub@0.1.0 build
> next build

▲ Next.js 16.2.5 (Turbopack)
- Environments: .env.local

  Creating an optimized production build ...
✓ Compiled successfully in 6.7s
  Running TypeScript ...
  Finished TypeScript in 8.0s ...
  Collecting page data using 11 workers ...
  Generating static pages using 11 workers (0/17) ...
  Generating static pages using 11 workers (4/17) 
  Generating static pages using 11 workers (8/17) 
  Generating static pages using 11 workers (12/17) 
✓ Generating static pages using 11 workers (17/17) in 2.8s
  Finalizing page optimization ...

Route (app)
┌ ƒ /
├ ○ /_not-found
├ ƒ /auth/callback
├ ○ /auth/forgot-password
├ ○ /auth/login
├ ƒ /auth/logout
├ ○ /auth/reset-password
├ ƒ /dashboard
├ ƒ /dashboard/academic-years
├ ƒ /dashboard/employees
├ ƒ /dashboard/feedback
├ ƒ /dashboard/profile
├ ƒ /dashboard/profile/edit
├ ƒ /dashboard/settings
└ ƒ /dashboard/units


ƒ Proxy (Middleware)

○  (Static)   prerendered as static content
ƒ  (Dynamic)  server-rendered on demand

